<testsuites id="" name="" tests="2" failures="1" skipped="0" errors="0" time="34.817912000000476">
<testsuite name="comments.spec.ts" timestamp="2023-06-25T21:28:38.504Z" hostname="firefox" tests="1" failures="1" skipped="0" time="29.998" errors="0">
<testcase name="Post, edit and delete comments" classname="comments.spec.ts" time="29.998">
<failure message="comments.spec.ts:3:5 Post, edit and delete comments" type="FAILURE">
<![CDATA[  [firefox] › comments.spec.ts:3:5 › Post, edit and delete comments ────────────────────────────────

    Test timeout of 30000ms exceeded.

    Error: locator.click: Target closed
    =========================== logs ===========================
    waiting for getByText('Post comment')
      locator resolved to <button disabled class="dark:highlight-white/20 h-12 rou…>Post comment</button>
    attempting click action
      waiting for element to be visible, enabled and stable
        element is not enabled - waiting...
    ============================================================

      19 |     // Post comment
      20 |     await page.getByRole("textbox").fill(commentText);
    > 21 |     await page.getByText("Post comment").click();
         |                                          ^
      22 |
      23 |     await expect(
      24 |         page.getByRole("listitem").first().getByRole("paragraph"),

        at /home/ben/dev/partchat/test/comments.spec.ts:21:42

    Pending operations:
      - locator.click at test/comments.spec.ts:21:42

]]>
</failure>
</testcase>
</testsuite>
<testsuite name="home.spec.ts" timestamp="2023-06-25T21:28:38.504Z" hostname="firefox" tests="1" failures="0" skipped="0" time="0.802" errors="0">
<testcase name="Home › has title" classname="home.spec.ts" time="0.802">
</testcase>
</testsuite>
</testsuites>